Fetching articles from last 12 days (since 2026-09-20)
page 1
  Found 20 articles on this page
    [+] 2026-09-30 - Sugar-rich foods exacerbate antibiotic-induced mic...
    [+] 2026-09-30 - Type 2 immune history trains lung macrophages for ...
    [+] 2026-09-30 - Global mangrove distribution on the open coast is ...
    [+] 2026-09-30 - X-ray liquidography decodes complex motions in azo...
    [+] 2026-09-30 - Histone readers MLLT1 and MLLT3 concentrate AID to...
    [+] 2026-09-30 - Carbene transfer from thianthrenium ylides for cyc...
    [+] 2026-09-30 - An amygdala to anterior hypothalamic circuit gates...
    [+] 2026-09-30 - Dynamic protrusions mediate crawling motility in A...
    [+] 2026-09-30 - Osteoclasts intercept meningeal lymphatic paths fo...
    [+] 2026-09-30 - Population-scale immune multiome atlas reveals reg...
    [+] 2026-09-30 - Human genetics implicates a BACH2–NRF2 axis in fet...
    [+] 2026-09-30 - Prion-like transmission of human tau strains in th...
    [+] 2026-09-30 - Wafer-scale epitaxy growth of high-mobility p-type...
    [+] 2026-09-30 - Transcription pause and elongation regulators medi...
    [+] 2026-09-30 - GPCR antagonism via rewiring of receptor trafficki...
    [+] 2026-09-30 - γδ T cell receptor dependencies define a unique im...
    [+] 2026-09-30 - Spatiotemporal clonal architecture of the newborn ...
    [+] 2026-09-30 - Scalable decision-making for games of imperfect in...
    [+] 2026-09-30 - Evolution of terrestrial anatomy revealed by a der...
    [+] 2026-09-30 - Butterfly wing patterns in flight create powerful ...
page 2
  Found 20 articles on this page
    [+] 2026-09-30 - Self-aligned optical microcomb emerging between oc...
    [+] 2026-09-30 - Function-preserving watermarking of AI-generated p...
    [+] 2026-09-30 - A TBK1/ULK1 signalling axis couples lysosomal stre...
    [+] 2026-09-30 - A two-hit mechanism triggers autoimmune hair loss...
    [+] 2026-09-23 - Chiral oxazolidinones via biocatalytic aziridinati...
    [+] 2026-09-23 - The gene-regulatory evolution of the human skeleto...
    [+] 2026-09-23 - The anthropogenic fingerprint on emerging infectio...
    [+] 2026-09-23 - Gravitational torque drives multidecadal variation...
    [+] 2026-09-23 - Single-nucleus transcriptome-wide association stud...
    [+] 2026-09-23 - Lu+ optical frequency references with accuracy ver...
    [+] 2026-09-23 - Sequence-encoded hexagonal lattices in multichanne...
    [+] 2026-09-23 - Banking records reveal characteristics of financia...
    [+] 2026-09-23 - Hepatocytes promote liver metastasis of pancreatic...
    [+] 2026-09-23 - A design approach for bitopic kinase inhibitors...
    [+] 2026-09-23 - A methanogen hydrolase reveals the structure of ar...
    [+] 2026-09-23 - Reference genomes and fossils revise bat family ph...
    [+] 2026-09-23 - mTORC1 drives cell-autonomous astrocyte reactivity...
    [+] 2026-09-23 - Targeting ZMYND8 unleashes IL-2 signalling to over...
    [+] 2026-09-23 - Anomalous metal and superconducting phases in rhom...
    [+] 2026-09-23 - Lifespan single-cell transcriptomic atlas of the h...
page 3
  Found 20 articles on this page
    [+] 2026-09-23 - Agricultural liming is a carbon sink in the Missis...
    [+] 2026-09-23 - Stacking-induced direct band gap in CVD-grown 1H M...
    [+] 2026-09-23 - TRAM promotes Toll-like-receptor-free myddosome si...
    [+] 2026-09-23 - Lsp2 links mTORC1 to TOP mRNA translation and life...
    [+] 2026-09-23 - Lsp2 links early-life diet to adult translation an...
    [+] 2026-09-23 - The lipidomic architecture of the mouse brain...
    [+] 2026-09-23 - Single-cell atlas of transcriptomic vulnerability ...
    [+] 2026-09-23 - MMEJ repair of breaks at TA repeats maintains ecDN...
    [+] 2026-09-23 - A quadruped robot designed to complete a marathon ...
    [+] 2026-09-23 - Neuronal detection of social actions directs colle...
    [+] 2026-09-23 - Organic two-dimensional van der Waals heterostruct...
    [+] 2026-09-23 - The mutational dynamics of the Arabidopsis centrom...
    [+] 2026-09-21 - Chemist-aligned retrosynthesis by ensembling diver...
    [-] 2026-09-16 - Too old, stopping
[DATE] Kept 29/53 papers; unknown dates: 0
[ERROR] Failed to fetch https://www.nature.com/articles/s41586-026-11053-x: HTTPSConnectionPool(host='idp.nature.com', port=443): Read timed out. (read timeout=15)
[ERROR] Failed to fetch https://www.nature.com/articles/s41586-026-10999-2: HTTPSConnectionPool(host='www.nature.com', port=443): Read timed out. (read timeout=15)
[ERROR] Failed to fetch https://www.nature.com/articles/s41586-026-11054-w: HTTPSConnectionPool(host='www.nature.com', port=443): Read timed out. (read timeout=15)
[ERROR] Failed to fetch https://www.nature.com/articles/s41586-026-11102-5: HTTPSConnectionPool(host='www.nature.com', port=443): Read timed out. (read timeout=15)
Fetching articles from last 12 days (since 2026-09-20)
page 1
  Found 1 articles on this page
    [+] 2026-09-30 - Written in development and lost in ageing: the gra...
  Less than 5 articles on page, stopping
Total articles collected: 1
[DATE] Kept 0/1 papers; unknown dates: 0
Fetching articles from last 12 days (since 2026-09-20)
page 1
  Found 20 articles on this page
    [+] 2026-09-23 - Ultra-slow release of hydrophilic drugs via multil...
    [+] 2026-09-22 - Microfluidics-mediated spatial control of mRNA lip...
    [+] 2026-09-22 - Biomimetic graphitic carbon nitride nanoparticles ...
    [+] 2026-09-21 - Development of an investigational epigenetic silen...
    [-] 2026-09-16 - Too old, stopping
[DATE] Kept 4/4 papers; unknown dates: 0
Fetching articles from last 12 days (since 2026-09-20)
page 1
  Found 3 articles on this page
    [+] 2026-11-09 - Engineering the human endometrium at the intersect...
    [-] 2026-08-20 - Too old, stopping
[DATE] Kept 0/1 papers; unknown dates: 0
Fetching articles from last 12 days (since 2026-09-20)
page 1
  Found 19 articles on this page
    [-] 2026-01-10 - Too old, stopping
[DATE] Kept 0/0 papers; unknown dates: 0
Fetching articles from last 12 days (since 2026-09-20)
page 1
  Found 0 articles on this page
  Less than 5 articles on page, stopping
Total articles collected: 0
[DATE] Kept 0/0 papers; unknown dates: 0
Fetching articles from last 12 days (since 2026-09-20)
page 1
  Found 17 articles on this page
    [-] 2026-01-10 - Too old, stopping
[DATE] Kept 0/0 papers; unknown dates: 0
Fetching articles from last 12 days (since 2026-09-20)
page 1
  Found 3 articles on this page
    [-] 2026-08-24 - Too old, stopping
[DATE] Kept 0/0 papers; unknown dates: 0
Fetching articles from last 12 days (since 2026-09-20)
page 1
  Found 19 articles on this page
    [-] 2026-01-10 - Too old, stopping
[DATE] Kept 0/0 papers; unknown dates: 0
Fetching articles from last 12 days (since 2026-09-20)
page 1
  Found 0 articles on this page
  Less than 5 articles on page, stopping
Total articles collected: 0
[DATE] Kept 0/0 papers; unknown dates: 0
